
Memory Configuration

Name             Origin             Length             Attributes
flash            0x08000000         0x00020000         xr
sram             0x20000000         0x00005000         xrw
*default*        0x00000000         0xffffffff

Linker script and memory map


.text           0x08000000      0x1a8
 *(.vectors*)
 .vectors       0x08000000       0x1c startup.o
                0x08000000                vectors
 *(.text*)
 .text          0x0800001c       0xc8 main.o
                0x0800001c                NMI_Handler
                0x08000028                Bus_fault
                0x08000034                main
 .text          0x080000e4       0xc4 startup.o
                0x080000e4                MM_fault_Handler
                0x080000e4                Usage_fault_Handler
                0x080000e4                default_handler
                0x080000e4                H_fault_Handler
                0x080000f0                reset_handler
 *(.rodata)
                0x080001a8                _E_text = .

.glue_7         0x080001a8        0x0
 .glue_7        0x00000000        0x0 linker stubs

.glue_7t        0x080001a8        0x0
 .glue_7t       0x00000000        0x0 linker stubs

.vfp11_veneer   0x080001a8        0x0
 .vfp11_veneer  0x00000000        0x0 linker stubs

.v4_bx          0x080001a8        0x0
 .v4_bx         0x00000000        0x0 linker stubs

.iplt           0x080001a8        0x0
 .iplt          0x00000000        0x0 main.o

.rel.dyn        0x080001a8        0x0
 .rel.iplt      0x00000000        0x0 main.o

.data           0x20000000        0x4 load address 0x080001a8
                0x20000000                _S_DATA = .
 *(.data)
 .data          0x20000000        0x4 main.o
                0x20000000                R_ODR
 .data          0x20000004        0x0 startup.o
                0x20000004                _E_DATA = .
                0x20000004                . = ALIGN (0x4)

.igot.plt       0x20000004        0x0 load address 0x080001ac
 .igot.plt      0x00000000        0x0 main.o

.bss            0x20000004     0x1000 load address 0x080001ac
                0x20000004                _S_bss = .
 *(.bss*)
 .bss           0x20000004        0x0 main.o
 .bss           0x20000004        0x0 startup.o
                0x20000004                . = ALIGN (0x4)
                0x20000004                _E_bss = .
                0x20000004                . = ALIGN (0x4)
                0x20001004                . = (. + 0x1000)
 *fill*         0x20000004     0x1000 
                0x20001004                _stack_top = .
LOAD main.o
LOAD startup.o
OUTPUT(learn_in_depth_cortex_m3.elf elf32-littlearm)

.debug_info     0x00000000      0x466
 .debug_info    0x00000000      0x2f3 main.o
 .debug_info    0x000002f3      0x173 startup.o

.debug_abbrev   0x00000000      0x1a6
 .debug_abbrev  0x00000000       0xe4 main.o
 .debug_abbrev  0x000000e4       0xc2 startup.o

.debug_loc      0x00000000       0xf4
 .debug_loc     0x00000000       0x90 main.o
 .debug_loc     0x00000090       0x64 startup.o

.debug_aranges  0x00000000       0x40
 .debug_aranges
                0x00000000       0x20 main.o
 .debug_aranges
                0x00000020       0x20 startup.o

.debug_line     0x00000000      0x121
 .debug_line    0x00000000       0x72 main.o
 .debug_line    0x00000072       0xaf startup.o

.debug_str      0x00000000      0x21f
 .debug_str     0x00000000      0x18e main.o
                                0x1ce (size before relaxing)
 .debug_str     0x0000018e       0x91 startup.o
                                0x177 (size before relaxing)

.comment        0x00000000       0x11
 .comment       0x00000000       0x11 main.o
                                 0x12 (size before relaxing)
 .comment       0x00000000       0x12 startup.o

.ARM.attributes
                0x00000000       0x33
 .ARM.attributes
                0x00000000       0x33 main.o
 .ARM.attributes
                0x00000033       0x33 startup.o

.debug_frame    0x00000000       0xa8
 .debug_frame   0x00000000       0x5c main.o
 .debug_frame   0x0000005c       0x4c startup.o
